// Jest Snapshot v1, https://goo.gl/fbAQLP

exports[`Container should render container 1`] = `
<DocumentFragment>
  <div
    class="my-16 flex flex-col justify-center items-center z-10 md:mx-4 w-full xl:w-[64rem] 2xl:w-[84rem] rounded-xl bg-gradient-to-r from-amber-50 via-amber-50 to-sky-50 shadow-xl"
  >
    <div
      class="pb-12 h-full w-full bg-cover bg-no-repeat bg-fixed bg-[url('/assets/loibon-banner.png')]"
    >
      <div
        class="flex mt-8 pl-12"
      >
        <div
          class=" flex items-center justify-around w-full"
        >
          <h1
            class="text-brown font-bold text-2xl whitespace-nowrap xl:mr-24 mr-16"
          />
          <hr
            class="border-0 w-full bg-gray-500 opacity-20 h-[1px] mr-12"
          />
        </div>
      </div>
      Children
    </div>
  </div>
</DocumentFragment>
`;
